[validthemes.live/themeforest/avedi/creative-agency-dark.html]
[backblue.gif]
[fade.gif]
[index.html]
[validthemes.live/themeforest/avedi/assets/img/favicon.png]
[validthemes.live/themeforest/avedi/assets/css/bootstrap.min.css]
[validthemes.live/themeforest/avedi/assets/css/font-awesome.min.css]
[validthemes.live/themeforest/avedi/assets/css/themify-icons.css]
[validthemes.live/themeforest/avedi/assets/css/flaticon-set.css]
[validthemes.live/themeforest/avedi/assets/css/elegant-icons.css]
[validthemes.live/themeforest/avedi/assets/css/magnific-popup.css]
[validthemes.live/themeforest/avedi/assets/css/owl.carousel.min.css]
[validthemes.live/themeforest/avedi/assets/css/owl.theme.default.min.css]
[validthemes.live/themeforest/avedi/assets/css/animate.css]
[validthemes.live/themeforest/avedi/assets/css/bootsnav.css]
[validthemes.live/themeforest/avedi/style.css]
[validthemes.live/themeforest/avedi/assets/css/responsive.css]
[validthemes.live/themeforest/avedi/index.html]
[validthemes.live/themeforest/avedi/assets/img/logo-light.png]
[validthemes.live/themeforest/avedi/assets/img/logo.png]
[validthemes.live/themeforest/avedi/index-startup.html]
[validthemes.live/themeforest/avedi/index-marketing-agency.html]
[validthemes.live/themeforest/avedi/marketing-agency-dark.html]
[validthemes.live/themeforest/avedi/index-digital-agency.html]
[validthemes.live/themeforest/avedi/digital-agency-dark.html]
[validthemes.live/themeforest/avedi/index-1.html]
[validthemes.live/themeforest/avedi/about-us.html]
[validthemes.live/themeforest/avedi/pricing-table.html]
[validthemes.live/themeforest/avedi/team.html]
[validthemes.live/themeforest/avedi/team-single.html]
[validthemes.live/themeforest/avedi/contact.html]
[validthemes.live/themeforest/avedi/404.html]
[validthemes.live/themeforest/avedi/projects.html]
[validthemes.live/themeforest/avedi/projects-2.html]
[validthemes.live/themeforest/avedi/projects-3.html]
[validthemes.live/themeforest/avedi/project-details.html]
[validthemes.live/themeforest/avedi/services.html]
[validthemes.live/themeforest/avedi/services-2.html]
[validthemes.live/themeforest/avedi/services-3.html]
[validthemes.live/themeforest/avedi/services-details.html]
[validthemes.live/themeforest/avedi/blog-standard.html]
[validthemes.live/themeforest/avedi/blog-with-sidebar.html]
[validthemes.live/themeforest/avedi/blog-2-colum.html]
[validthemes.live/themeforest/avedi/blog-3-colum.html]
[validthemes.live/themeforest/avedi/blog-single.html]
[validthemes.live/themeforest/avedi/blog-single-with-sidebar.html]
[validthemes.live/themeforest/avedi/assets/img/about/7.jpg]
[validthemes.live/themeforest/avedi/assets/img/about/12.jpg]
[validthemes.live/themeforest/avedi/assets/img/about/5.jpg]
[validthemes.live/themeforest/avedi/assets/img/border-bg.jpg]
[validthemes.live/themeforest/avedi/assets/img/banner/13.jpg]
[validthemes.live/themeforest/avedi/assets/img/round-shappe.png]
[validthemes.live/themeforest/avedi/assets/img/portfolio/1.jpg]
[validthemes.live/themeforest/avedi/assets/img/portfolio/2.jpg]
[validthemes.live/themeforest/avedi/assets/img/portfolio/3.jpg]
[validthemes.live/themeforest/avedi/assets/img/portfolio/4.jpg]
[validthemes.live/themeforest/avedi/assets/img/clients/01.png]
[validthemes.live/themeforest/avedi/assets/img/clients/02.png]
[validthemes.live/themeforest/avedi/assets/img/clients/03.png]
[validthemes.live/themeforest/avedi/assets/img/clients/04.png]
[validthemes.live/themeforest/avedi/assets/img/clients/05.png]
[validthemes.live/themeforest/avedi/assets/img/clients/06.png]
[validthemes.live/themeforest/avedi/assets/img/map.svg]
[validthemes.live/themeforest/avedi/assets/img/teams/1.jpg]
[validthemes.live/themeforest/avedi/assets/img/teams/2.jpg]
[validthemes.live/themeforest/avedi/assets/img/teams/3.jpg]
[validthemes.live/themeforest/avedi/assets/img/blog/v2.jpg]
[validthemes.live/themeforest/avedi/assets/img/teams/4.jpg]
[validthemes.live/themeforest/avedi/assets/img/teams/8.jpg]
[validthemes.live/themeforest/avedi/assets/img/blog/v4.jpg]
[validthemes.live/themeforest/avedi/assets/img/teams/7.jpg]
[validthemes.live/themeforest/avedi/assets/js/jquery-1.12.4.min.js]
[validthemes.live/themeforest/avedi/assets/js/popper.min.js]
[validthemes.live/themeforest/avedi/assets/js/bootstrap.min.js]
[validthemes.live/themeforest/avedi/assets/js/jquery.appear.js]
[validthemes.live/themeforest/avedi/assets/js/jquery.easing.min.js]
[validthemes.live/themeforest/avedi/assets/js/jquery.magnific-popup.min.js]
[validthemes.live/themeforest/avedi/assets/js/modernizr.custom.13711.js]
[validthemes.live/themeforest/avedi/assets/js/owl.carousel.min.js]
[validthemes.live/themeforest/avedi/assets/js/wow.min.js]
[validthemes.live/themeforest/avedi/assets/js/progress-bar.min.js]
[validthemes.live/themeforest/avedi/assets/js/isotope.pkgd.min.js]
[validthemes.live/themeforest/avedi/assets/js/imagesloaded.pkgd.min.js]
[validthemes.live/themeforest/avedi/assets/js/count-to.js]
[validthemes.live/themeforest/avedi/assets/js/YTPlayer.min.js]
[validthemes.live/themeforest/avedi/assets/js/bootsnav.js]
[validthemes.live/themeforest/avedi/assets/js/main.js]
[validthemes.live/themeforest/avedi/creative-agency-dark.html]
[validthemes.live/themeforest/avedi/assets/img/banner/2.jpg]
[validthemes.live/themeforest/avedi/assets/img/shape/26.png]
[validthemes.live/themeforest/avedi/assets/img/demo/index-4.jpg]
[validthemes.live/themeforest/avedi/assets/img/demo/index-2.jpg]
[validthemes.live/themeforest/avedi/assets/img/demo/index-3.jpg]
[validthemes.live/themeforest/avedi/assets/img/demo/index-1.jpg]
[validthemes.live/themeforest/avedi/assets/img/demo/marketing-agency-dark.jpg]
[validthemes.live/themeforest/avedi/assets/img/demo/creative-agency-dark.jpg]
[validthemes.live/themeforest/avedi/assets/img/demo/digital-agency-dark.jpg]
[validthemes.live/themeforest/avedi/index.html]
[validthemes.live/themeforest/avedi/assets/img/logo-blue.png]
[validthemes.live/themeforest/avedi/assets/img/shape/40.png]
[validthemes.live/themeforest/avedi/assets/img/illustration/man-3.png]
[validthemes.live/themeforest/avedi/assets/img/illustration/8.png]
[validthemes.live/themeforest/avedi/assets/img/clients/1.png]
[validthemes.live/themeforest/avedi/assets/img/clients/2.png]
[validthemes.live/themeforest/avedi/assets/img/clients/3.png]
[validthemes.live/themeforest/avedi/assets/img/clients/4.png]
[validthemes.live/themeforest/avedi/assets/img/clients/5.png]
[validthemes.live/themeforest/avedi/assets/img/blog/5.jpg]
[validthemes.live/themeforest/avedi/assets/img/blog/3.jpg]
[validthemes.live/themeforest/avedi/assets/img/blog/4.jpg]
[validthemes.live/themeforest/avedi/index-startup.html]
[validthemes.live/themeforest/avedi/assets/img/shape/38.png]
[validthemes.live/themeforest/avedi/assets/img/shape/23.png]
[validthemes.live/themeforest/avedi/assets/img/illustration/4.png]
[validthemes.live/themeforest/avedi/assets/img/illustration/5.png]
[validthemes.live/themeforest/avedi/assets/img/banner/4.jpg]
[validthemes.live/themeforest/avedi/assets/img/illustration/1.svg]
[validthemes.live/themeforest/avedi/assets/img/shape/33.png]
[validthemes.live/themeforest/avedi/assets/img/team/1.jpg]
[validthemes.live/themeforest/avedi/assets/img/team/2.jpg]
[validthemes.live/themeforest/avedi/assets/img/team/3.jpg]
[validthemes.live/themeforest/avedi/assets/img/shape/19.png]
[validthemes.live/themeforest/avedi/assets/js/easy-pie-chart.js]
[validthemes.live/themeforest/avedi/assets/js/pie-chart-active.js]
[validthemes.live/themeforest/avedi/index-marketing-agency.html]
[validthemes.live/themeforest/avedi/marketing-agency-dark.html]
[validthemes.live/themeforest/avedi/assets/img/illustration/dashboard.png]
[validthemes.live/themeforest/avedi/assets/img/illustration/man-1.png]
[validthemes.live/themeforest/avedi/assets/img/illustration/man-2.png]
[validthemes.live/themeforest/avedi/assets/img/icon/management.png]
[validthemes.live/themeforest/avedi/assets/img/icon/branding.png]
[validthemes.live/themeforest/avedi/assets/img/icon/Interaction.png]
[validthemes.live/themeforest/avedi/index-digital-agency.html]
[validthemes.live/themeforest/avedi/digital-agency-dark.html]
[validthemes.live/themeforest/avedi/assets/img/about/11.jpg]
[validthemes.live/themeforest/avedi/index-1.html]
[validthemes.live/themeforest/avedi/assets/img/banner/9.jpg]
[validthemes.live/themeforest/avedi/about-us.html]
[validthemes.live/themeforest/avedi/assets/img/shape/11.png]
[validthemes.live/themeforest/avedi/pricing-table.html]
[validthemes.live/themeforest/avedi/assets/img/banner/5.jpg]
[validthemes.live/themeforest/avedi/assets/img/banner/11.jpg]
[validthemes.live/themeforest/avedi/assets/img/team/4.jpg]
[validthemes.live/themeforest/avedi/assets/img/team/5.jpg]
[validthemes.live/themeforest/avedi/assets/img/team/6.jpg]
[validthemes.live/themeforest/avedi/team.html]
[validthemes.live/themeforest/avedi/assets/img/banner/6.jpg]
[validthemes.live/themeforest/avedi/assets/img/about/3.jpg]
[validthemes.live/themeforest/avedi/team-single.html]
[validthemes.live/themeforest/avedi/assets/img/banner/7.jpg]
[validthemes.live/themeforest/avedi/assets/img/shape/39.png]
[validthemes.live/themeforest/avedi/contact.html]
[validthemes.live/themeforest/avedi/404.html]
[validthemes.live/themeforest/avedi/assets/img/portfolio/11.jpg]
[validthemes.live/themeforest/avedi/assets/img/portfolio/22.jpg]
[validthemes.live/themeforest/avedi/assets/img/portfolio/33.jpg]
[validthemes.live/themeforest/avedi/projects.html]
[validthemes.live/themeforest/avedi/projects-2.html]
[validthemes.live/themeforest/avedi/projects-3.html]
[validthemes.live/themeforest/avedi/assets/img/portfolio/v1.jpg]
[validthemes.live/themeforest/avedi/project-details.html]
[validthemes.live/themeforest/avedi/assets/img/banner/10.jpg]
[validthemes.live/themeforest/avedi/services.html]
[validthemes.live/themeforest/avedi/assets/img/100x100.png]
[validthemes.live/themeforest/avedi/services-2.html]
[validthemes.live/themeforest/avedi/services-3.html]
[validthemes.live/themeforest/avedi/assets/img/about/13.jpg]
[validthemes.live/themeforest/avedi/services-details.html]
[validthemes.live/themeforest/avedi/assets/img/banner/12.jpg]
[validthemes.live/themeforest/avedi/assets/img/blog/11.jpg]
[validthemes.live/themeforest/avedi/assets/img/blog/22.jpg]
[validthemes.live/themeforest/avedi/assets/img/blog/33.jpg]
[validthemes.live/themeforest/avedi/blog-standard.html]
[validthemes.live/themeforest/avedi/assets/img/gallery/4.jpg]
[validthemes.live/themeforest/avedi/assets/img/gallery/5.jpg]
[validthemes.live/themeforest/avedi/assets/img/gallery/6.jpg]
[validthemes.live/themeforest/avedi/assets/img/gallery/2.jpg]
[validthemes.live/themeforest/avedi/assets/img/gallery/1.jpg]
[validthemes.live/themeforest/avedi/assets/img/gallery/3.jpg]
[validthemes.live/themeforest/avedi/blog-with-sidebar.html]
[validthemes.live/themeforest/avedi/assets/img/blog/1.jpg]
[validthemes.live/themeforest/avedi/blog-2-colum.html]
[validthemes.live/themeforest/avedi/assets/img/blog/2.jpg]
[validthemes.live/themeforest/avedi/assets/img/teams/5.jpg]
[validthemes.live/themeforest/avedi/assets/img/blog/6.jpg]
[validthemes.live/themeforest/avedi/assets/img/teams/6.jpg]
[validthemes.live/themeforest/avedi/blog-3-colum.html]
[validthemes.live/themeforest/avedi/blog-single.html]
[validthemes.live/themeforest/avedi/blog-single-with-sidebar.html]
[fonts.googleapis.com/cssd2d5.css]
[fonts.googleapis.com/css6e13.css]
[validthemes.live/themeforest/avedi/assets/css/bootstrap.min.css]
[validthemes.live/themeforest/avedi/assets/fonts/fa-brands-400.eot]
[validthemes.live/themeforest/avedi/assets/fonts/fa-brands-400d41d.eot]
[validthemes.live/themeforest/avedi/assets/fonts/fa-brands-400.woff2]
[validthemes.live/themeforest/avedi/assets/fonts/fa-brands-400.woff]
[validthemes.live/themeforest/avedi/assets/fonts/fa-brands-400.ttf]
[validthemes.live/themeforest/avedi/assets/fonts/fa-regular-400.eot]
[validthemes.live/themeforest/avedi/assets/fonts/fa-regular-400d41d.eot]
[validthemes.live/themeforest/avedi/assets/fonts/fa-regular-400.woff2]
[validthemes.live/themeforest/avedi/assets/fonts/fa-regular-400.woff]
[validthemes.live/themeforest/avedi/assets/fonts/fa-regular-400.ttf]
[validthemes.live/themeforest/avedi/assets/fonts/fa-solid-900.eot]
[validthemes.live/themeforest/avedi/assets/fonts/fa-solid-900d41d.eot]
[validthemes.live/themeforest/avedi/assets/fonts/fa-solid-900.woff2]
[validthemes.live/themeforest/avedi/assets/fonts/fa-solid-900.woff]
[validthemes.live/themeforest/avedi/assets/fonts/fa-solid-900.ttf]
[validthemes.live/themeforest/avedi/assets/css/font-awesome.min.css]
[validthemes.live/themeforest/avedi/assets/fonts/themify9f24.eot]
[validthemes.live/themeforest/avedi/assets/fonts/themifyd41d.eot]
[validthemes.live/themeforest/avedi/assets/fonts/themify9f24.woff]
[validthemes.live/themeforest/avedi/assets/fonts/themify9f24.ttf]
[validthemes.live/themeforest/avedi/assets/css/themify-icons.css]
[validthemes.live/themeforest/avedi/assets/fonts/themify9f24.svg]
[validthemes.live/themeforest/avedi/assets/fonts/Flaticon.eot]
[validthemes.live/themeforest/avedi/assets/fonts/Flaticond41d.eot]
[validthemes.live/themeforest/avedi/assets/fonts/Flaticon.woff]
[validthemes.live/themeforest/avedi/assets/fonts/Flaticon.ttf]
[validthemes.live/themeforest/avedi/assets/fonts/Flaticon.svg]
[validthemes.live/themeforest/avedi/assets/css/flaticon-set.css]
[validthemes.live/themeforest/avedi/assets/fonts/ElegantIcons.eot]
[validthemes.live/themeforest/avedi/assets/fonts/ElegantIconsd41d.eot]
[validthemes.live/themeforest/avedi/assets/fonts/ElegantIcons.woff]
[validthemes.live/themeforest/avedi/assets/fonts/ElegantIcons.ttf]
[validthemes.live/themeforest/avedi/assets/fonts/ElegantIcons.svg]
[validthemes.live/themeforest/avedi/assets/css/elegant-icons.css]
[validthemes.live/themeforest/avedi/assets/css/magnific-popup.css]
[validthemes.live/themeforest/avedi/assets/css/owl.carousel.min.css]
[validthemes.live/themeforest/avedi/assets/css/owl.theme.default.min.css]
[validthemes.live/themeforest/avedi/assets/css/animate.css]
[validthemes.live/themeforest/avedi/assets/css/bootsnav.css]
[validthemes.live/themeforest/avedi/assets/img/shape/2.png]
[validthemes.live/themeforest/avedi/assets/img/shape/1.png]
[validthemes.live/themeforest/avedi/assets/img/brush.png]
[validthemes.live/themeforest/avedi/assets/img/shape/8.png]
[validthemes.live/themeforest/avedi/assets/img/shape/21.png]
[validthemes.live/themeforest/avedi/assets/img/shape/icon-shape.png]
[validthemes.live/themeforest/avedi/assets/img/shape/arrow.png]
[validthemes.live/themeforest/avedi/assets/img/shape/circle-shape.png]
[validthemes.live/themeforest/avedi/assets/img/shape/circle-shape-blue.png]
[validthemes.live/themeforest/avedi/style.css]
[validthemes.live/themeforest/avedi/assets/css/responsive.css]
[validthemes.live/themeforest/avedi/assets/img/map.svg]
[validthemes.live/themeforest/avedi/assets/img/illustration/1.svg]
[validthemes.live/themeforest/avedi/assets/fonts/fa-brands-400.html]
[validthemes.live/themeforest/avedi/assets/fonts/fa-regular-400.html]
[validthemes.live/themeforest/avedi/assets/fonts/fa-solid-900.html]
[validthemes.live/themeforest/avedi/assets/fonts/themify9f24.svg]
[validthemes.live/themeforest/avedi/assets/fonts/Flaticon.svg]
[validthemes.live/themeforest/avedi/assets/css/Flaticon.html]
[validthemes.live/themeforest/avedi/assets/fonts/ElegantIcons.svg]
[validthemes.live/themeforest/avedi/assets/css/ElegantIcons.html]
[validthemes.live/themeforest/avedi/assets/css/owl.video.play.html]
[validthemes.live/themeforest/avedi/assets/img/color-bg-2.html]
[validthemes.live/themeforest/avedi/assets/img/shape/line.html]
